// Jest Snapshot v1, https://goo.gl/fbAQLP

exports[`generateModel should generate Table names based on the @@map attribute or simply based on the model 1`] = `
"using System;
using System.ComponentModel.DataAnnotations;
using System.ComponentModel.DataAnnotations.Schema;

namespace Foo {
  [Table(\\"NoAtAtMapAttribute\\")]
  public class NoAtAtMapAttribute {
    [Key]
    [Required]
    [Column(\\"id\\")]
    public int id { get; set; }
  }
}"
`;

exports[`generateModel should generate the source text for a model 1`] = `
Array [
  "using System;
using System.ComponentModel.DataAnnotations;
using System.ComponentModel.DataAnnotations.Schema;

namespace ProcessingFramework {
  [Table(\\"user\\")]
  public class User {
    [Key]
    [Required]
    [Column(\\"id\\")]
    public int id { get; set; }
    [Required]
    [Column(\\"email\\")]
    public  string email { get; set; }
    [Column(\\"name\\")]
    public  string name { get; set; }
    public Post[] posts { get; set; }
    public Comment[] comment { get; set; }
  }
}",
  "using System;
using System.ComponentModel.DataAnnotations;
using System.ComponentModel.DataAnnotations.Schema;

namespace ProcessingFramework {
  [Table(\\"post\\")]
  public class Post {
    [Key]
    [Required]
    [Column(\\"id\\")]
    public int id { get; set; }
    [Required]
    [Column(\\"content\\")]
    public  string content { get; set; }
    [Required]
    [Column(\\"created_at\\")]
    public DateTime createdAt { get; set; }
    [Required]
    [ForeignKey(\\"createdBy\\")]
    [Column(\\"creator_id\\")]
    public int creatorId { get; set; }
    public User createdBy { get; set; }
    public Comment[] comment { get; set; }
  }
}",
  "using System;
using System.ComponentModel.DataAnnotations;
using System.ComponentModel.DataAnnotations.Schema;

namespace ProcessingFramework {
  [Table(\\"comment\\")]
  public class Comment {
    [Key]
    [Required]
    [Column(\\"id\\")]
    public int id { get; set; }
    public Post post { get; set; }
    public User creator { get; set; }
    [Required]
    [ForeignKey(\\"post\\")]
    [Column(\\"post_id\\")]
    public int postId { get; set; }
    [Required]
    [ForeignKey(\\"creator\\")]
    [Column(\\"creator_id\\")]
    public int creatorId { get; set; }
  }
}",
]
`;
