// Jest Snapshot v1, https://goo.gl/fbAQLP

exports[`generateAll should invoke generateModel for each model 1`] = `
Object {
  "client": Object {
    "name": "ExampleClient.cs",
    "text": "using Microsoft.EntityFrameworkCore;

namespace ProcessingFramework {
  public class ExampleClient: DbContext {
    public DbSet<User> User { get; set; }
    public DbSet<Post> Post { get; set; }
    public DbSet<Comment> Comment { get; set; }
    
    protected override void OnConfiguring(DbContextOptionsBuilder optionsBuilder) {
        optionsBuilder.UseNpgsql(@\\"Host=my_postgres_host.com;Database=initial_db;Username=user;Password=password;\\");
    }
  }
}",
  },
  "models": Array [
    Object {
      "name": "User.cs",
      "text": "using System;
using System.ComponentModel.DataAnnotations;
using System.ComponentModel.DataAnnotations.Schema;

namespace ProcessingFramework {
  [Table(\\"user\\")]
  public class User {
    [Key, Required, Column]
    public int id { get; set; }
    [Required, Column]
    public  string email { get; set; }
    [Column]
    public  string name { get; set; }
    public ICollection<Post> posts { get; set; }
    public ICollection<Comment> comment { get; set; }
  }
}",
    },
    Object {
      "name": "Post.cs",
      "text": "using System;
using System.ComponentModel.DataAnnotations;
using System.ComponentModel.DataAnnotations.Schema;

namespace ProcessingFramework {
  [Table(\\"post\\")]
  public class Post {
    [Key, Required, Column]
    public int id { get; set; }
    [Required, Column]
    public  string content { get; set; }
    [Required, Column(\\"created_at\\")]
    public DateTime createdAt { get; set; }
    [ForeignKey(\\"createdBy\\")]
    [Required, Column(\\"creator_id\\")]
    public int creatorId { get; set; }
    public User createdBy { get; set; }
    public ICollection<Comment> comment { get; set; }
  }
}",
    },
    Object {
      "name": "Comment.cs",
      "text": "using System;
using System.ComponentModel.DataAnnotations;
using System.ComponentModel.DataAnnotations.Schema;

namespace ProcessingFramework {
  [Table(\\"comment\\")]
  public class Comment {
    [Key, Required, Column]
    public int id { get; set; }
    public Post post { get; set; }
    public User creator { get; set; }
    [ForeignKey(\\"post\\")]
    [Required, Column(\\"post_id\\")]
    public int postId { get; set; }
    [ForeignKey(\\"creator\\")]
    [Required, Column(\\"creator_id\\")]
    public int creatorId { get; set; }
  }
}",
    },
  ],
}
`;
